
> taxonomia-project@1.0.0 test
> jest tests/performance_stress.test.js

  console.log
    [QA Stress] Processed 1,000 records in 2ms (Mocked Sheets)

      at Object.log (tests/performance_stress.test.js:64:13)

node.exe : FAIL tests/performance_stress.test.js
En línea: 1 Carácter: 1
+ & "C:\Program Files\nodejs/node.exe" "C:\Program Files\nodejs/node_mo ...
+ ~~~~~~~~~~~~~~~~~~~~~~~~~~~~~~~~~~~~~~~~~~~~~~~~~~~~~~~~~~~~~~~~~~~~~
    + CategoryInfo          : NotSpecified: (FAIL tests/performance_stress.test.js: 
   String) [], RemoteException
    + FullyQualifiedErrorId : NativeCommandError
 
  Performance Stress Regression Test (1K Records)
    ÔêÜ Engine_DB.list should process 1,000 records as tuples without memory issues 
(45 ms)
    ├ù Engine_DB.list should cache the result to achieve < 1.5s SLA (Rule 11/12) (4 
ms)

  ÔùÅ Performance Stress Regression Test (1K Records) ÔÇ║ Engine_DB.list should 
cache the result to achieve < 1.5s SLA (Rule 11/12)

    expect(jest.fn()).toHaveBeenCalled()

    Expected number of calls: >= 1
    Received number of calls:    0

    [0m [90m 71 |[39m     [90m// First call (Miss)[39m
     [90m 72 |[39m     
[33mEngine_DB[39m[33m.[39mlist([32m'Producto'[39m)[33m;[39m
    [31m[1m>[22m[39m[90m 73 |[39m     expect(global[33m.[39m[33mCacheServic
e[39m[33m.[39mgetScriptCache()[33m.[39mput)[33m.[39mtoHaveBeenCalled()[33m;
[39m
     [90m    |[39m                                                      
[31m[1m^[22m[39m
     [90m 74 |[39m   })[33m;[39m
     [90m 75 |[39m })[33m;[39m
     [90m 76 |[39m[0m

      at Object.toHaveBeenCalled (tests/performance_stress.test.js:73:54)

Test Suites: 1 failed, 1 total
Tests:       1 failed, 1 passed, 2 total
Snapshots:   0 total
Time:        0.98 s, estimated 1 s
Ran all test suites matching tests/performance_stress.test.js.
